#-----------------------------------------------------------
# xsim v2024.2 (64-bit)
# SW Build 5239630 on Fri Nov 08 22:34:34 MST 2024
# IP Build 5239520 on Sun Nov 10 16:12:51 MST 2024
# SharedData Build 5239561 on Fri Nov 08 14:39:27 MST 2024
# Start of session at: Mon Jun  2 01:51:09 2025
# Process ID         : 5710
# Current directory  : /home/abhishek-revoor/Desktop/Thesis/rwu-rv64i-master/sim
# Command line       : xsim -mode tcl -source {xsim.dir/tb_rv64i_snapshot/xsim_script.tcl}
# Log file           : /home/abhishek-revoor/Desktop/Thesis/rwu-rv64i-master/sim/xsim.log
# Journal file       : /home/abhishek-revoor/Desktop/Thesis/rwu-rv64i-master/sim/xsim.jou
# Running On         : abhishek-revoor-PC
# Platform           : Ubuntu
# Operating System   : Ubuntu 24.04.2 LTS
# Processor Detail   : Intel(R) Core(TM) i5-8400 CPU @ 2.80GHz
# CPU Frequency      : 3204.743 MHz
# CPU Physical cores : 6
# CPU Logical cores  : 6
# Host memory        : 16702 MB
# Swap memory        : 4294 MB
# Total Virtual      : 20997 MB
# Available Virtual  : 18366 MB
#-----------------------------------------------------------
source xsim.dir/tb_rv64i_snapshot/xsim_script.tcl
source ./xsim_cfg.tcl
